../Src/sbc_lcd01.c:19:6:sendCommand	16	static
../Src/sbc_lcd01.c:35:6:sendCommand16	16	static
../Src/sbc_lcd01.c:49:6:sbc_lcd01_init	16	static
../Src/sbc_lcd01.c:66:6:displayInit	24	static
../Src/sbc_lcd01.c:90:6:fullScreenColor	24	static
../Src/sbc_lcd01.c:103:6:fillRectangle	32	static
../Src/sbc_lcd01.c:147:6:fillRectangle_oneColor	32	static
../Src/sbc_lcd01.c:172:6:fillSquare_scaleup	40	static
../Src/sbc_lcd01.c:190:6:initAdressWindow	48	static
../Src/sbc_lcd01.c:214:6:testScreen_16	24	static
../Src/sbc_lcd01.c:248:6:displayReset	8	static
../Src/sbc_lcd01.c:254:6:cs_enable	4	static
../Src/sbc_lcd01.c:260:6:cs_disable	4	static
../Src/sbc_lcd01.c:265:6:tft_dc_low	4	static
../Src/sbc_lcd01.c:268:6:tft_dc_high	4	static
../Src/sbc_lcd01.c:272:6:setSingleColorStatus	16	static
